
 /----------------------------------------------------------------------------\
 |  yosys -- Yosys Open SYnthesis Suite                                       |
 |  Copyright (C) 2012 - 2026  Claire Xenia Wolf <claire@yosyshq.com>         |
 |  Distributed under an ISC-like license, type "license" to see terms        |
 \----------------------------------------------------------------------------/
 Yosys 0.66+105 (git sha1 72f6df873, Release, GNU /usr/bin/x86_64-w64-mingw32-g++ 13.2.1)

-- Executing script file `C:\trusthub\netlists\AES\AES-T2200\trojan.ys' --

1. Executing Verilog-2005 frontend: C:\trusthub\AES_unzipped\AES-T2200\AES-T2200\src\TjIn\aes_synth.v
Parsing Verilog input from `C:\trusthub\AES_unzipped\AES-T2200\AES-T2200\src\TjIn\aes_synth.v' to AST representation.
Generating RTLIL representation for module `\S_0'.
Generating RTLIL representation for module `\S_197'.
Generating RTLIL representation for module `\S_198'.
Generating RTLIL representation for module `\S_199'.
Generating RTLIL representation for module `\S4_0'.
Generating RTLIL representation for module `\expand_key_128_0'.
Generating RTLIL representation for module `\xS_0'.
Generating RTLIL representation for module `\S_144'.
Generating RTLIL representation for module `\T_0'.
Generating RTLIL representation for module `\S_141'.
Generating RTLIL representation for module `\xS_141'.
Generating RTLIL representation for module `\T_141'.
Generating RTLIL representation for module `\S_142'.
Generating RTLIL representation for module `\xS_142'.
Generating RTLIL representation for module `\T_142'.
Generating RTLIL representation for module `\S_143'.
Generating RTLIL representation for module `\xS_143'.
Generating RTLIL representation for module `\T_143'.
Generating RTLIL representation for module `\table_lookup_0'.
Generating RTLIL representation for module `\S_129'.
Generating RTLIL representation for module `\xS_129'.
Generating RTLIL representation for module `\T_129'.
Generating RTLIL representation for module `\S_130'.
Generating RTLIL representation for module `\xS_130'.
Generating RTLIL representation for module `\T_130'.
Generating RTLIL representation for module `\S_131'.
Generating RTLIL representation for module `\xS_131'.
Generating RTLIL representation for module `\T_131'.
Generating RTLIL representation for module `\S_132'.
Generating RTLIL representation for module `\xS_132'.
Generating RTLIL representation for module `\T_132'.
Generating RTLIL representation for module `\table_lookup_33'.
Generating RTLIL representation for module `\S_133'.
Generating RTLIL representation for module `\xS_133'.
Generating RTLIL representation for module `\T_133'.
Generating RTLIL representation for module `\S_134'.
Generating RTLIL representation for module `\xS_134'.
Generating RTLIL representation for module `\T_134'.
Generating RTLIL representation for module `\S_135'.
Generating RTLIL representation for module `\xS_135'.
Generating RTLIL representation for module `\T_135'.
Generating RTLIL representation for module `\S_136'.
Generating RTLIL representation for module `\xS_136'.
Generating RTLIL representation for module `\T_136'.
Generating RTLIL representation for module `\table_lookup_34'.
Generating RTLIL representation for module `\S_137'.
Generating RTLIL representation for module `\xS_137'.
Generating RTLIL representation for module `\T_137'.
Generating RTLIL representation for module `\S_138'.
Generating RTLIL representation for module `\xS_138'.
Generating RTLIL representation for module `\T_138'.
Generating RTLIL representation for module `\S_139'.
Generating RTLIL representation for module `\xS_139'.
Generating RTLIL representation for module `\T_139'.
Generating RTLIL representation for module `\S_140'.
Generating RTLIL representation for module `\xS_140'.
Generating RTLIL representation for module `\T_140'.
Generating RTLIL representation for module `\table_lookup_35'.
Generating RTLIL representation for module `\one_round_0'.
Generating RTLIL representation for module `\S_145'.
Generating RTLIL representation for module `\S_146'.
Generating RTLIL representation for module `\S_147'.
Generating RTLIL representation for module `\S_148'.
Generating RTLIL representation for module `\S4_1'.
Generating RTLIL representation for module `\S_149'.
Generating RTLIL representation for module `\S_150'.
Generating RTLIL representation for module `\S_151'.
Generating RTLIL representation for module `\S_152'.
Generating RTLIL representation for module `\S4_2'.
Generating RTLIL representation for module `\S_153'.
Generating RTLIL representation for module `\S_154'.
Generating RTLIL representation for module `\S_155'.
Generating RTLIL representation for module `\S_156'.
Generating RTLIL representation for module `\S4_3'.
Generating RTLIL representation for module `\S_157'.
Generating RTLIL representation for module `\S_158'.
Generating RTLIL representation for module `\S_159'.
Generating RTLIL representation for module `\S_160'.
Generating RTLIL representation for module `\S4_4'.
Generating RTLIL representation for module `\final_round'.
Generating RTLIL representation for module `\S_161'.
Generating RTLIL representation for module `\S_162'.
Generating RTLIL representation for module `\S_163'.
Generating RTLIL representation for module `\S_164'.
Generating RTLIL representation for module `\S4_5'.
Generating RTLIL representation for module `\expand_key_128_1'.
Generating RTLIL representation for module `\S_165'.
Generating RTLIL representation for module `\S_166'.
Generating RTLIL representation for module `\S_167'.
Generating RTLIL representation for module `\S_168'.
Generating RTLIL representation for module `\S4_6'.
Generating RTLIL representation for module `\expand_key_128_2'.
Generating RTLIL representation for module `\S_169'.
Generating RTLIL representation for module `\S_170'.
Generating RTLIL representation for module `\S_171'.
Generating RTLIL representation for module `\S_172'.
Generating RTLIL representation for module `\S4_7'.
Generating RTLIL representation for module `\expand_key_128_3'.
Generating RTLIL representation for module `\S_173'.
Generating RTLIL representation for module `\S_174'.
Generating RTLIL representation for module `\S_175'.
Generating RTLIL representation for module `\S_176'.
Generating RTLIL representation for module `\S4_8'.
Generating RTLIL representation for module `\expand_key_128_4'.
Generating RTLIL representation for module `\S_177'.
Generating RTLIL representation for module `\S_178'.
Generating RTLIL representation for module `\S_179'.
Generating RTLIL representation for module `\S_180'.
Generating RTLIL representation for module `\S4_9'.
Generating RTLIL representation for module `\expand_key_128_5'.
Generating RTLIL representation for module `\S_181'.
Generating RTLIL representation for module `\S_182'.
Generating RTLIL representation for module `\S_183'.
Generating RTLIL representation for module `\S_184'.
Generating RTLIL representation for module `\S4_10'.
Generating RTLIL representation for module `\expand_key_128_6'.
Generating RTLIL representation for module `\S_185'.
Generating RTLIL representation for module `\S_186'.
Generating RTLIL representation for module `\S_187'.
Generating RTLIL representation for module `\S_188'.
Generating RTLIL representation for module `\S4_11'.
Generating RTLIL representation for module `\expand_key_128_7'.
Generating RTLIL representation for module `\S_189'.
Generating RTLIL representation for module `\S_190'.
Generating RTLIL representation for module `\S_191'.
Generating RTLIL representation for module `\S_192'.
Generating RTLIL representation for module `\S4_12'.
Generating RTLIL representation for module `\expand_key_128_8'.
Generating RTLIL representation for module `\S_193'.
Generating RTLIL representation for module `\S_194'.
Generating RTLIL representation for module `\S_195'.
Generating RTLIL representation for module `\S_196'.
Generating RTLIL representation for module `\S4_13'.
Generating RTLIL representation for module `\expand_key_128_9'.
Generating RTLIL representation for module `\S_1'.
Generating RTLIL representation for module `\xS_1'.
Generating RTLIL representation for module `\T_1'.
Generating RTLIL representation for module `\S_2'.
Generating RTLIL representation for module `\xS_2'.
Generating RTLIL representation for module `\T_2'.
Generating RTLIL representation for module `\S_3'.
Generating RTLIL representation for module `\xS_3'.
Generating RTLIL representation for module `\T_3'.
Generating RTLIL representation for module `\S_4'.
Generating RTLIL representation for module `\xS_4'.
Generating RTLIL representation for module `\T_4'.
Generating RTLIL representation for module `\table_lookup_1'.
Generating RTLIL representation for module `\S_5'.
Generating RTLIL representation for module `\xS_5'.
Generating RTLIL representation for module `\T_5'.
Generating RTLIL representation for module `\S_6'.
Generating RTLIL representation for module `\xS_6'.
Generating RTLIL representation for module `\T_6'.
Generating RTLIL representation for module `\S_7'.
Generating RTLIL representation for module `\xS_7'.
Generating RTLIL representation for module `\T_7'.
Generating RTLIL representation for module `\S_8'.
Generating RTLIL representation for module `\xS_8'.
Generating RTLIL representation for module `\T_8'.
Generating RTLIL representation for module `\table_lookup_2'.
Generating RTLIL representation for module `\S_9'.
Generating RTLIL representation for module `\xS_9'.
Generating RTLIL representation for module `\T_9'.
Generating RTLIL representation for module `\S_10'.
Generating RTLIL representation for module `\xS_10'.
Generating RTLIL representation for module `\T_10'.
Generating RTLIL representation for module `\S_11'.
Generating RTLIL representation for module `\xS_11'.
Generating RTLIL representation for module `\T_11'.
Generating RTLIL representation for module `\S_12'.
Generating RTLIL representation for module `\xS_12'.
Generating RTLIL representation for module `\T_12'.
Generating RTLIL representation for module `\table_lookup_3'.
Generating RTLIL representation for module `\S_13'.
Generating RTLIL representation for module `\xS_13'.
Generating RTLIL representation for module `\T_13'.
Generating RTLIL representation for module `\S_14'.
Generating RTLIL representation for module `\xS_14'.
Generating RTLIL representation for module `\T_14'.
Generating RTLIL representation for module `\S_15'.
Generating RTLIL representation for module `\xS_15'.
Generating RTLIL representation for module `\T_15'.
Generating RTLIL representation for module `\S_16'.
Generating RTLIL representation for module `\xS_16'.
Generating RTLIL representation for module `\T_16'.
Generating RTLIL representation for module `\table_lookup_4'.
Generating RTLIL representation for module `\one_round_1'.
Generating RTLIL representation for module `\S_17'.
Generating RTLIL representation for module `\xS_17'.
Generating RTLIL representation for module `\T_17'.
Generating RTLIL representation for module `\S_18'.
Generating RTLIL representation for module `\xS_18'.
Generating RTLIL representation for module `\T_18'.
Generating RTLIL representation for module `\S_19'.
Generating RTLIL representation for module `\xS_19'.
Generating RTLIL representation for module `\T_19'.
Generating RTLIL representation for module `\S_20'.
Generating RTLIL representation for module `\xS_20'.
Generating RTLIL representation for module `\T_20'.
Generating RTLIL representation for module `\table_lookup_5'.
Generating RTLIL representation for module `\S_21'.
Generating RTLIL representation for module `\xS_21'.
Generating RTLIL representation for module `\T_21'.
Generating RTLIL representation for module `\S_22'.
Generating RTLIL representation for module `\xS_22'.
Generating RTLIL representation for module `\T_22'.
Generating RTLIL representation for module `\S_23'.
Generating RTLIL representation for module `\xS_23'.
Generating RTLIL representation for module `\T_23'.
Generating RTLIL representation for module `\S_24'.
Generating RTLIL representation for module `\xS_24'.
Generating RTLIL representation for module `\T_24'.
Generating RTLIL representation for module `\table_lookup_6'.
Generating RTLIL representation for module `\S_25'.
Generating RTLIL representation for module `\xS_25'.
Generating RTLIL representation for module `\T_25'.
Generating RTLIL representation for module `\S_26'.
Generating RTLIL representation for module `\xS_26'.
Generating RTLIL representation for module `\T_26'.
Generating RTLIL representation for module `\S_27'.
Generating RTLIL representation for module `\xS_27'.
Generating RTLIL representation for module `\T_27'.
Generating RTLIL representation for module `\S_28'.
Generating RTLIL representation for module `\xS_28'.
Generating RTLIL representation for module `\T_28'.
Generating RTLIL representation for module `\table_lookup_7'.
Generating RTLIL representation for module `\S_29'.
Generating RTLIL representation for module `\xS_29'.
Generating RTLIL representation for module `\T_29'.
Generating RTLIL representation for module `\S_30'.
Generating RTLIL representation for module `\xS_30'.
Generating RTLIL representation for module `\T_30'.
Generating RTLIL representation for module `\S_31'.
Generating RTLIL representation for module `\xS_31'.
Generating RTLIL representation for module `\T_31'.
Generating RTLIL representation for module `\S_32'.
Generating RTLIL representation for module `\xS_32'.
Generating RTLIL representation for module `\T_32'.
Generating RTLIL representation for module `\table_lookup_8'.
Generating RTLIL representation for module `\one_round_2'.
Generating RTLIL representation for module `\S_33'.
Generating RTLIL representation for module `\xS_33'.
Generating RTLIL representation for module `\T_33'.
Generating RTLIL representation for module `\S_34'.
Generating RTLIL representation for module `\xS_34'.
Generating RTLIL representation for module `\T_34'.
Generating RTLIL representation for module `\S_35'.
Generating RTLIL representation for module `\xS_35'.
Generating RTLIL representation for module `\T_35'.
Generating RTLIL representation for module `\S_36'.
Generating RTLIL representation for module `\xS_36'.
Generating RTLIL representation for module `\T_36'.
Generating RTLIL representation for module `\table_lookup_9'.
Generating RTLIL representation for module `\S_37'.
Generating RTLIL representation for module `\xS_37'.
Generating RTLIL representation for module `\T_37'.
Generating RTLIL representation for module `\S_38'.
Generating RTLIL representation for module `\xS_38'.
Generating RTLIL representation for module `\T_38'.
Generating RTLIL representation for module `\S_39'.
Generating RTLIL representation for module `\xS_39'.
Generating RTLIL representation for module `\T_39'.
Generating RTLIL representation for module `\S_40'.
Generating RTLIL representation for module `\xS_40'.
Generating RTLIL representation for module `\T_40'.
Generating RTLIL representation for module `\table_lookup_10'.
Generating RTLIL representation for module `\S_41'.
Generating RTLIL representation for module `\xS_41'.
Generating RTLIL representation for module `\T_41'.
Generating RTLIL representation for module `\S_42'.
Generating RTLIL representation for module `\xS_42'.
Generating RTLIL representation for module `\T_42'.
Generating RTLIL representation for module `\S_43'.
Generating RTLIL representation for module `\xS_43'.
Generating RTLIL representation for module `\T_43'.
Generating RTLIL representation for module `\S_44'.
Generating RTLIL representation for module `\xS_44'.
Generating RTLIL representation for module `\T_44'.
Generating RTLIL representation for module `\table_lookup_11'.
Generating RTLIL representation for module `\S_45'.
Generating RTLIL representation for module `\xS_45'.
Generating RTLIL representation for module `\T_45'.
Generating RTLIL representation for module `\S_46'.
Generating RTLIL representation for module `\xS_46'.
Generating RTLIL representation for module `\T_46'.
Generating RTLIL representation for module `\S_47'.
Generating RTLIL representation for module `\xS_47'.
Generating RTLIL representation for module `\T_47'.
Generating RTLIL representation for module `\S_48'.
Generating RTLIL representation for module `\xS_48'.
Generating RTLIL representation for module `\T_48'.
Generating RTLIL representation for module `\table_lookup_12'.
Generating RTLIL representation for module `\one_round_3'.
Generating RTLIL representation for module `\S_49'.
Generating RTLIL representation for module `\xS_49'.
Generating RTLIL representation for module `\T_49'.
Generating RTLIL representation for module `\S_50'.
Generating RTLIL representation for module `\xS_50'.
Generating RTLIL representation for module `\T_50'.
Generating RTLIL representation for module `\S_51'.
Generating RTLIL representation for module `\xS_51'.
Generating RTLIL representation for module `\T_51'.
Generating RTLIL representation for module `\S_52'.
Generating RTLIL representation for module `\xS_52'.
Generating RTLIL representation for module `\T_52'.
Generating RTLIL representation for module `\table_lookup_13'.
Generating RTLIL representation for module `\S_53'.
Generating RTLIL representation for module `\xS_53'.
Generating RTLIL representation for module `\T_53'.
Generating RTLIL representation for module `\S_54'.
Generating RTLIL representation for module `\xS_54'.
Generating RTLIL representation for module `\T_54'.
Generating RTLIL representation for module `\S_55'.
Generating RTLIL representation for module `\xS_55'.
Generating RTLIL representation for module `\T_55'.
Generating RTLIL representation for module `\S_56'.
Generating RTLIL representation for module `\xS_56'.
Generating RTLIL representation for module `\T_56'.
Generating RTLIL representation for module `\table_lookup_14'.
Generating RTLIL representation for module `\S_57'.
Generating RTLIL representation for module `\xS_57'.
Generating RTLIL representation for module `\T_57'.
Generating RTLIL representation for module `\S_58'.
Generating RTLIL representation for module `\xS_58'.
Generating RTLIL representation for module `\T_58'.
Generating RTLIL representation for module `\S_59'.
Generating RTLIL representation for module `\xS_59'.
Generating RTLIL representation for module `\T_59'.
Generating RTLIL representation for module `\S_60'.
Generating RTLIL representation for module `\xS_60'.
Generating RTLIL representation for module `\T_60'.
Generating RTLIL representation for module `\table_lookup_15'.
Generating RTLIL representation for module `\S_61'.
Generating RTLIL representation for module `\xS_61'.
Generating RTLIL representation for module `\T_61'.
Generating RTLIL representation for module `\S_62'.
Generating RTLIL representation for module `\xS_62'.
Generating RTLIL representation for module `\T_62'.
Generating RTLIL representation for module `\S_63'.
Generating RTLIL representation for module `\xS_63'.
Generating RTLIL representation for module `\T_63'.
Generating RTLIL representation for module `\S_64'.
Generating RTLIL representation for module `\xS_64'.
Generating RTLIL representation for module `\T_64'.
Generating RTLIL representation for module `\table_lookup_16'.
Generating RTLIL representation for module `\one_round_4'.
Generating RTLIL representation for module `\S_65'.
Generating RTLIL representation for module `\xS_65'.
Generating RTLIL representation for module `\T_65'.
Generating RTLIL representation for module `\S_66'.
Generating RTLIL representation for module `\xS_66'.
Generating RTLIL representation for module `\T_66'.
Generating RTLIL representation for module `\S_67'.
Generating RTLIL representation for module `\xS_67'.
Generating RTLIL representation for module `\T_67'.
Generating RTLIL representation for module `\S_68'.
Generating RTLIL representation for module `\xS_68'.
Generating RTLIL representation for module `\T_68'.
Generating RTLIL representation for module `\table_lookup_17'.
Generating RTLIL representation for module `\S_69'.
Generating RTLIL representation for module `\xS_69'.
Generating RTLIL representation for module `\T_69'.
Generating RTLIL representation for module `\S_70'.
Generating RTLIL representation for module `\xS_70'.
Generating RTLIL representation for module `\T_70'.
Generating RTLIL representation for module `\S_71'.
Generating RTLIL representation for module `\xS_71'.
Generating RTLIL representation for module `\T_71'.
Generating RTLIL representation for module `\S_72'.
Generating RTLIL representation for module `\xS_72'.
Generating RTLIL representation for module `\T_72'.
Generating RTLIL representation for module `\table_lookup_18'.
Generating RTLIL representation for module `\S_73'.
Generating RTLIL representation for module `\xS_73'.
Generating RTLIL representation for module `\T_73'.
Generating RTLIL representation for module `\S_74'.
Generating RTLIL representation for module `\xS_74'.
Generating RTLIL representation for module `\T_74'.
Generating RTLIL representation for module `\S_75'.
Generating RTLIL representation for module `\xS_75'.
Generating RTLIL representation for module `\T_75'.
Generating RTLIL representation for module `\S_76'.
Generating RTLIL representation for module `\xS_76'.
Generating RTLIL representation for module `\T_76'.
Generating RTLIL representation for module `\table_lookup_19'.
Generating RTLIL representation for module `\S_77'.
Generating RTLIL representation for module `\xS_77'.
Generating RTLIL representation for module `\T_77'.
Generating RTLIL representation for module `\S_78'.
Generating RTLIL representation for module `\xS_78'.
Generating RTLIL representation for module `\T_78'.
Generating RTLIL representation for module `\S_79'.
Generating RTLIL representation for module `\xS_79'.
Generating RTLIL representation for module `\T_79'.
Generating RTLIL representation for module `\S_80'.
Generating RTLIL representation for module `\xS_80'.
Generating RTLIL representation for module `\T_80'.
Generating RTLIL representation for module `\table_lookup_20'.
Generating RTLIL representation for module `\one_round_5'.
Generating RTLIL representation for module `\S_81'.
Generating RTLIL representation for module `\xS_81'.
Generating RTLIL representation for module `\T_81'.
Generating RTLIL representation for module `\S_82'.
Generating RTLIL representation for module `\xS_82'.
Generating RTLIL representation for module `\T_82'.
Generating RTLIL representation for module `\S_83'.
Generating RTLIL representation for module `\xS_83'.
Generating RTLIL representation for module `\T_83'.
Generating RTLIL representation for module `\S_84'.
Generating RTLIL representation for module `\xS_84'.
Generating RTLIL representation for module `\T_84'.
Generating RTLIL representation for module `\table_lookup_21'.
Generating RTLIL representation for module `\S_85'.
Generating RTLIL representation for module `\xS_85'.
Generating RTLIL representation for module `\T_85'.
Generating RTLIL representation for module `\S_86'.
Generating RTLIL representation for module `\xS_86'.
Generating RTLIL representation for module `\T_86'.
Generating RTLIL representation for module `\S_87'.
Generating RTLIL representation for module `\xS_87'.
Generating RTLIL representation for module `\T_87'.
Generating RTLIL representation for module `\S_88'.
Generating RTLIL representation for module `\xS_88'.
Generating RTLIL representation for module `\T_88'.
Generating RTLIL representation for module `\table_lookup_22'.
Generating RTLIL representation for module `\S_89'.
Generating RTLIL representation for module `\xS_89'.
Generating RTLIL representation for module `\T_89'.
Generating RTLIL representation for module `\S_90'.
Generating RTLIL representation for module `\xS_90'.
Generating RTLIL representation for module `\T_90'.
Generating RTLIL representation for module `\S_91'.
Generating RTLIL representation for module `\xS_91'.
Generating RTLIL representation for module `\T_91'.
Generating RTLIL representation for module `\S_92'.
Generating RTLIL representation for module `\xS_92'.
Generating RTLIL representation for module `\T_92'.
Generating RTLIL representation for module `\table_lookup_23'.
Generating RTLIL representation for module `\S_93'.
Generating RTLIL representation for module `\xS_93'.
Generating RTLIL representation for module `\T_93'.
Generating RTLIL representation for module `\S_94'.
Generating RTLIL representation for module `\xS_94'.
Generating RTLIL representation for module `\T_94'.
Generating RTLIL representation for module `\S_95'.
Generating RTLIL representation for module `\xS_95'.
Generating RTLIL representation for module `\T_95'.
Generating RTLIL representation for module `\S_96'.
Generating RTLIL representation for module `\xS_96'.
Generating RTLIL representation for module `\T_96'.
Generating RTLIL representation for module `\table_lookup_24'.
Generating RTLIL representation for module `\one_round_6'.
Generating RTLIL representation for module `\S_97'.
Generating RTLIL representation for module `\xS_97'.
Generating RTLIL representation for module `\T_97'.
Generating RTLIL representation for module `\S_98'.
Generating RTLIL representation for module `\xS_98'.
Generating RTLIL representation for module `\T_98'.
Generating RTLIL representation for module `\S_99'.
Generating RTLIL representation for module `\xS_99'.
Generating RTLIL representation for module `\T_99'.
Generating RTLIL representation for module `\S_100'.
Generating RTLIL representation for module `\xS_100'.
Generating RTLIL representation for module `\T_100'.
Generating RTLIL representation for module `\table_lookup_25'.
Generating RTLIL representation for module `\S_101'.
Generating RTLIL representation for module `\xS_101'.
Generating RTLIL representation for module `\T_101'.
Generating RTLIL representation for module `\S_102'.
Generating RTLIL representation for module `\xS_102'.
Generating RTLIL representation for module `\T_102'.
Generating RTLIL representation for module `\S_103'.
Generating RTLIL representation for module `\xS_103'.
Generating RTLIL representation for module `\T_103'.
Generating RTLIL representation for module `\S_104'.
Generating RTLIL representation for module `\xS_104'.
Generating RTLIL representation for module `\T_104'.
Generating RTLIL representation for module `\table_lookup_26'.
Generating RTLIL representation for module `\S_105'.
Generating RTLIL representation for module `\xS_105'.
Generating RTLIL representation for module `\T_105'.
Generating RTLIL representation for module `\S_106'.
Generating RTLIL representation for module `\xS_106'.
Generating RTLIL representation for module `\T_106'.
Generating RTLIL representation for module `\S_107'.
Generating RTLIL representation for module `\xS_107'.
Generating RTLIL representation for module `\T_107'.
Generating RTLIL representation for module `\S_108'.
Generating RTLIL representation for module `\xS_108'.
Generating RTLIL representation for module `\T_108'.
Generating RTLIL representation for module `\table_lookup_27'.
Generating RTLIL representation for module `\S_109'.
Generating RTLIL representation for module `\xS_109'.
Generating RTLIL representation for module `\T_109'.
Generating RTLIL representation for module `\S_110'.
Generating RTLIL representation for module `\xS_110'.
Generating RTLIL representation for module `\T_110'.
Generating RTLIL representation for module `\S_111'.
Generating RTLIL representation for module `\xS_111'.
Generating RTLIL representation for module `\T_111'.
Generating RTLIL representation for module `\S_112'.
Generating RTLIL representation for module `\xS_112'.
Generating RTLIL representation for module `\T_112'.
Generating RTLIL representation for module `\table_lookup_28'.
Generating RTLIL representation for module `\one_round_7'.
Generating RTLIL representation for module `\S_113'.
Generating RTLIL representation for module `\xS_113'.
Generating RTLIL representation for module `\T_113'.
Generating RTLIL representation for module `\S_114'.
Generating RTLIL representation for module `\xS_114'.
Generating RTLIL representation for module `\T_114'.
Generating RTLIL representation for module `\S_115'.
Generating RTLIL representation for module `\xS_115'.
Generating RTLIL representation for module `\T_115'.
Generating RTLIL representation for module `\S_116'.
Generating RTLIL representation for module `\xS_116'.
Generating RTLIL representation for module `\T_116'.
Generating RTLIL representation for module `\table_lookup_29'.
Generating RTLIL representation for module `\S_117'.
Generating RTLIL representation for module `\xS_117'.
Generating RTLIL representation for module `\T_117'.
Generating RTLIL representation for module `\S_118'.
Generating RTLIL representation for module `\xS_118'.
Generating RTLIL representation for module `\T_118'.
Generating RTLIL representation for module `\S_119'.
Generating RTLIL representation for module `\xS_119'.
Generating RTLIL representation for module `\T_119'.
Generating RTLIL representation for module `\S_120'.
Generating RTLIL representation for module `\xS_120'.
Generating RTLIL representation for module `\T_120'.
Generating RTLIL representation for module `\table_lookup_30'.
Generating RTLIL representation for module `\S_121'.
Generating RTLIL representation for module `\xS_121'.
Generating RTLIL representation for module `\T_121'.
Generating RTLIL representation for module `\S_122'.
Generating RTLIL representation for module `\xS_122'.
Generating RTLIL representation for module `\T_122'.
Generating RTLIL representation for module `\S_123'.
Generating RTLIL representation for module `\xS_123'.
Generating RTLIL representation for module `\T_123'.
Generating RTLIL representation for module `\S_124'.
Generating RTLIL representation for module `\xS_124'.
Generating RTLIL representation for module `\T_124'.
Generating RTLIL representation for module `\table_lookup_31'.
Generating RTLIL representation for module `\S_125'.
Generating RTLIL representation for module `\xS_125'.
Generating RTLIL representation for module `\T_125'.
Generating RTLIL representation for module `\S_126'.
Generating RTLIL representation for module `\xS_126'.
Generating RTLIL representation for module `\T_126'.
Generating RTLIL representation for module `\S_127'.
Generating RTLIL representation for module `\xS_127'.
Generating RTLIL representation for module `\T_127'.
Generating RTLIL representation for module `\S_128'.
Generating RTLIL representation for module `\xS_128'.
Generating RTLIL representation for module `\T_128'.
Generating RTLIL representation for module `\table_lookup_32'.
Generating RTLIL representation for module `\one_round_8'.
Generating RTLIL representation for module `\aes_128'.
Generating RTLIL representation for module `\Trojan_Trigger'.
Generating RTLIL representation for module `\TSC'.
Generating RTLIL representation for module `\top'.
Successfully finished Verilog frontend.

2. Executing Verilog-2005 frontend: C:\trusthub\AES_unzipped\AES-T2200\AES-T2200\src\TjIn\aes_synth_opt.v
Parsing Verilog input from `C:\trusthub\AES_unzipped\AES-T2200\AES-T2200\src\TjIn\aes_synth_opt.v' to AST representation.

C:\trusthub\AES_unzipped\AES-T2200\AES-T2200\src\TjIn\aes_synth_opt.v:2: ERROR: Re-definition of module `\TSC'!
