
 /----------------------------------------------------------------------------\
 |  yosys -- Yosys Open SYnthesis Suite                                       |
 |  Copyright (C) 2012 - 2026  Claire Xenia Wolf <claire@yosyshq.com>         |
 |  Distributed under an ISC-like license, type "license" to see terms        |
 \----------------------------------------------------------------------------/
 Yosys 0.66+105 (git sha1 72f6df873, Release, GNU /usr/bin/x86_64-w64-mingw32-g++ 13.2.1)

-- Executing script file `C:\trusthub\netlists\AES\AES-T2300\trojan.ys' --

1. Executing Verilog-2005 frontend: C:\trusthub\AES_unzipped\AES-T2300\AES-T2300\src\TjIn\aes_128.v
Parsing Verilog input from `C:\trusthub\AES_unzipped\AES-T2300\AES-T2300\src\TjIn\aes_128.v' to AST representation.
Generating RTLIL representation for module `\aes_128'.
Generating RTLIL representation for module `\expand_key_128'.
Successfully finished Verilog frontend.

2. Executing Verilog-2005 frontend: C:\trusthub\AES_unzipped\AES-T2300\AES-T2300\src\TjIn\round.v
Parsing Verilog input from `C:\trusthub\AES_unzipped\AES-T2300\AES-T2300\src\TjIn\round.v' to AST representation.
Generating RTLIL representation for module `\one_round'.
Generating RTLIL representation for module `\final_round'.
Successfully finished Verilog frontend.

3. Executing Verilog-2005 frontend: C:\trusthub\AES_unzipped\AES-T2300\AES-T2300\src\TjIn\table.v
Parsing Verilog input from `C:\trusthub\AES_unzipped\AES-T2300\AES-T2300\src\TjIn\table.v' to AST representation.
Generating RTLIL representation for module `\table_lookup'.
Generating RTLIL representation for module `\S4'.
Generating RTLIL representation for module `\T'.
Generating RTLIL representation for module `\S'.
Generating RTLIL representation for module `\xS'.
Successfully finished Verilog frontend.

4. Executing Verilog-2005 frontend: C:\trusthub\AES_unzipped\AES-T2300\AES-T2300\src\TjIn\TSC_and.v
Parsing Verilog input from `C:\trusthub\AES_unzipped\AES-T2300\AES-T2300\src\TjIn\TSC_and.v' to AST representation.
Generating RTLIL representation for module `\TSC'.
Successfully finished Verilog frontend.

5. Executing HIERARCHY pass (managing design hierarchy).

ERROR: Module `top' not found!
